[1/23] Building CXX object CMakeFiles\RawrXD-Win32IDE.dir\src\ai\SovereignVectorStore.cpp.obj
FAILED: CMakeFiles/RawrXD-Win32IDE.dir/src/ai/SovereignVectorStore.cpp.obj 
C:\VS2022Enterprise\VC\Tools\MSVC\14.50.35717\bin\Hostx64\x64\cl.exe  /nologo /TP -DHAS_BRUTAL_GZIP_MASM=1 -DNOMINMAX -DRAWRXD_DISABLE_DUPLICATE_SHIMS=1 -DRAWRXD_HAS_MW_KERNEL=1 -DRAWRXD_HAS_PROMPT_ENGINE=1 -DRAWRXD_HAS_SOVEREIGN_GPU_ASM=0 -DRAWRXD_HAS_TITAN_KERNEL=1 -DRAWRXD_INFRA_AVAILABLE=1 -DRAWRXD_LINK_ADVANCED_DEOBFUSCATOR_ASM=1 -DRAWRXD_LINK_ANALYZER_DISTILLER_ASM=0 -DRAWRXD_LINK_CODEBASE_AUDIT_SYSTEM_ASM=0 -DRAWRXD_LINK_DUAL_ENGINE_QUANTUM_BEACON_ASM=0 -DRAWRXD_LINK_INFERENCE_KERNELS_ASM=1 -DRAWRXD_LINK_PATTERN_RECONSTRUCTOR_ASM=1 -DRAWRXD_LINK_PROMETHEUS_EXPORTER_ASM=1 -DRAWRXD_LINK_QUADBUFFER_ASM=1 -DRAWRXD_LINK_REVERSE_ENGINEERED_ASM=1 -DRAWRXD_LINK_SELFPATCH_AGENT_ASM=1 -DRAWRXD_LINK_SOURCEEDIT_KERNEL_ASM=1 -DRAWRXD_LINK_STREAMING_ORCHESTRATOR_ASM=0 -DRAWRXD_LINK_TELEMETRY_KERNEL_ASM=1 -DRAWRXD_LINK_UNIFIED_OVERCLOCK_GOVERNOR_ASM=0 -DRAWRXD_LINK_VISION_PROJECTION_ASM=0 -DRAWRXD_MASM_CORE_NATIVE_BRIDGE=1 -DRAWRXD_PRODUCTION_STRIP_STUB_SOURCES=0 -DRAWRXD_STRICT_PRODUCTION_PROFILE=0 -DRAWRXD_USE_DEDICATED_CODELENS=1 -DRAWRXD_USE_DEDICATED_HOVER=1 -DRAWRXD_USE_DEDICATED_INLAY=1 -DRAWRXD_USE_DEDICATED_MINIMAP=1 -DRAWR_HAS_MASM=1 -DRAWR_HAS_MODEL_ANATOMY=1 -DRAWR_HAS_QUICKJS=1 -DRAWR_HAS_RAWR_INFERENCE=0 -DRAWR_HAS_SOVEREIGN_ENGINES=0 -DRAWR_HAS_VULKAN=1 -DRAWR_QUICKJS_STUB=0 -DRAWR_SINGULARITY_LINKED=0 -DWIN32_LEAN_AND_MEAN -D_CRT_SECURE_NO_WARNINGS -Id:\rawrxd\include -ID:\rawrxd\Ship -ID:\rawrxd\include -ID:\rawrxd\external\rawr_infra\Headers -ID:\rawrxd\external\rawr_infra\Source -ID:\rawrxd\src -ID:\rawrxd\src\inference -ID:\rawrxd\src\engine -ID:\rawrxd\src\core -ID:\rawrxd\src\server -ID:\rawrxd\src\agent -ID:\rawrxd\src\agentic -ID:\rawrxd\src\cli -ID:\rawrxd\src\win32app -ID:\rawrxd\src\modules -ID:\rawrxd\src\utils -ID:\rawrxd\src\config -ID:\rawrxd\src\asm -ID:\rawrxd\src\lsp -ID:\rawrxd\src\plugin_system -ID:\rawrxd\src\ide -ID:\rawrxd\src\llm_adapter -ID:\rawrxd\src\auth -ID:\rawrxd\src\context -ID:\rawrxd\src\multimodal_engine -ID:\rawrxd\src\telemetry -ID:\rawrxd\src\ui -ID:\rawrxd\src\git -ID:\rawrxd\src\collab -ID:\rawrxd\src\prometheus -ID:\rawrxd\3rdparty\quickjs_ng -ID:\rawrxd\src\reverse_engineering -ID:\rawrxd\src\reverse_engineering\pe_tools -external:IC:\VS2022Enterprise\VC\Tools\MSVC\14.50.35717\include -external:I"C:\Program Files (x86)\Windows Kits\10\Include\10.0.22621.0\ucrt" -external:I"C:\Program Files (x86)\Windows Kits\10\Include\10.0.22621.0\shared" -external:I"C:\Program Files (x86)\Windows Kits\10\Include\10.0.22621.0\um" -external:I"C:\Program Files (x86)\Windows Kits\10\Include\10.0.22621.0\winrt" -external:ID:\rawrxd\Ship\webview2\build\native\include -external:IC:\VulkanSDK\1.4.328.1\include -external:W0 /DWIN32 /D_WINDOWS /EHsc /O2 /Ob2 /DNDEBUG -std:c++latest -MT /GS- /sdl- /EHsc /W0 /arch:AVX2 /Z7 /O2 /showIncludes /FoCMakeFiles\RawrXD-Win32IDE.dir\src\ai\SovereignVectorStore.cpp.obj /Fdbin\RawrXD-Win32IDE.pdb /FS -c D:\rawrxd\src\ai\SovereignVectorStore.cpp
D:\rawrxd\src\ai\SovereignVectorStore.cpp(10): fatal error C1083: Cannot open include file: 'SovereignGapBuffer.h': No such file or directory
ninja: build stopped: subcommand failed.
