Microsoft (R) Macro Assembler (x64) Version 14.44.35221.0   01/28/26 11:48:07
RawrXD_cli.asm						     Page 1 - 1


				;  RawrXD_AuditAnything.asm  -- file or raw text → Ollama
				extrn GetCommandLineW:proc
				extrn GetStdHandle:proc
				extrn WriteConsoleA:proc
				extrn ExitProcess:proc
				extrn CreateFileW:proc
				extrn GetFileSize:proc
				extrn VirtualAlloc:proc
				extrn VirtualFree:proc
				extrn ReadFile:proc
				extrn CloseHandle:proc
				extrn WSAStartup:proc
				extrn socket:proc
				extrn connect:proc
				extrn send:proc
				extrn recv:proc
				extrn closesocket:proc
				extrn WSACleanup:proc
				extrn inet_pton:proc
				extrn htons:proc
				extrn lstrlenW:proc
				extrn WideCharToMultiByte:proc

 00000000			.data
 00000000 31 32 37 2E 30	OllamaHost      db  "127.0.0.1",0
	   2E 30 2E 31 00
 = 00002CAA			OllamaPort      equ 11434
 0000000A 50 4F 53 54 20	HttpHeader      db  "POST /api/generate HTTP/1.1",13,10
	   2F 61 70 69 2F
	   67 65 6E 65 72
	   61 74 65 20 48
	   54 54 50 2F 31
	   2E 31 0D 0A
 00000027  48 6F 73 74 3A	                db  "Host: 127.0.0.1:11434",13,10
	   20 31 32 37 2E
	   30 2E 30 2E 31
	   3A 31 31 34 33
	   34 0D 0A
 0000003E  43 6F 6E 74 65	                db  "Content-Type: application/json",13,10
	   6E 74 2D 54 79
	   70 65 3A 20 61
	   70 70 6C 69 63
	   61 74 69 6F 6E
	   2F 6A 73 6F 6E
	   0D 0A
 0000005E  43 6F 6E 74 65	                db  "Content-Length: ",0
	   6E 74 2D 4C 65
	   6E 67 74 68 3A
	   20 00
 0000006F			ContentLenStr   db  16 dup(0)
 0000007F  0D 0A 0D 0A 00	                db  13,10,13,10,0

 00000084 7B 22 6D 6F 64	JsonPrefix      db  '{"model":"dolphin3:latest","prompt":"Audit code:', 0
	   65 6C 22 3A 22
	   64 6F 6C 70 68
	   69 6E 33 3A 6C
	   61 74 65 73 74
	   22 2C 22 70 72
	   6F 6D 70 74 22
	   3A 22 41 75 64
	   69 74 20 63 6F
	   64 65 3A 00
 000000B5  00000040 [		LangDetect      db  64 dup(0)
	    00
	   ]
 000000F5 20 66 6F 72 20	JsonMid         db  ' for obfuscation, shellcode, and backdoors. Return JSON report. Code: ', 10, 10, 0
	   6F 62 66 75 73
	   63 61 74 69 6F
	   6E 2C 20 73 68
	   65 6C 6C 63 6F
	   64 65 2C 20 61
	   6E 64 20 62 61
	   63 6B 64 6F 6F
	   72 73 2E 20 52
	   65 74 75 72 6E
	   20 4A 53 4F 4E
	   20 72 65 70 6F
	   72 74 2E 20 43
	   6F 64 65 3A 20
	   0A 0A 00
 0000013E  00020000 [		RawText         db  131072 dup(0)   ; 128 KB max to fit MASM dup limit
	    00
	   ]
 0002013E 0A 0A 41 75 64	JsonSuffix      db  10, 10, 'Audit:", "stream": false}', 0
	   69 74 3A 22 2C
	   20 22 73 74 72
	   65 61 6D 22 3A
	   20 66 61 6C 73
	   65 7D 00
 0002015A  00030000 [		Payload         db  196608 dup(0)   ; 192 KB payload buffer
	    00
	   ]
 0005015A			PayloadLen      dq  0
	   0000000000000000
 00050162			PayloadEnd      label byte
 00050162 50 6F 77 65 72	lang_ps         db  "PowerShell", 0
	   53 68 65 6C 6C
	   00
 0005016D 4A 61 76 61 53	lang_js         db  "JavaScript", 0
	   63 72 69 70 74
	   00
 00050178 50 79 74 68 6F	lang_py         db  "Python", 0
	   6E 00
 0005017F 43 2F 43 2B 2B	lang_cpp        db  "C/C++", 0
	   00
 00050185 73 6F 75 72 63	lang_raw        db  "source", 0
	   65 00
 0005018C			CharsWritten    dq  0
	   0000000000000000
 00050194			FileSize        dq  0
	   0000000000000000
 0005019C			BytesRead       dq  0
	   0000000000000000

 00000000			.code
 00000000			main proc
 00000000  48/ 83 EC 58		        sub     rsp,58h             ; space for arguments + alignment
 00000004  48/ C7 C1		        mov     rcx, 290h           ; WSADATA size
	   00000290
 0000000B  48/ C7 C2		        mov     rdx, 2
	   00000002
 00000012  E8 00000000 E	        call    WSAStartup

				        ; ---- grab whole CLI ----
 00000017  E8 00000000 E	        call    GetCommandLineW
 0000001C  48/ 8B F0		        mov     rsi, rax
				        
				        ; skip exe name
 0000001F  66| AD		        lodsw
 00000021  66| 83 F8 22		        cmp     ax, '"'
 00000025  74 0F		        je      SkipQuoted
 00000027  66| 83 F8 20		@@:     cmp     ax, ' '
 0000002B  74 1A		        je      SkipSpaces
 0000002D  66| 85 C0		        test    ax, ax
 00000030  74 23		        jz      ArgsFound
 00000032  66| AD		        lodsw
 00000034  EB F1		        jmp     @B
 00000036			SkipQuoted:
 00000036  66| AD		@@:     lodsw
 00000038  66| 83 F8 22		        cmp     ax, '"'
 0000003C  74 07		        je      SkipDoneQuoted
 0000003E  66| 85 C0		        test    ax, ax
 00000041  74 12		        jz      ArgsFound
 00000043  EB F1		        jmp     @B
 00000045			SkipDoneQuoted:
 00000045  66| AD		        lodsw
 00000047			SkipSpaces:
 00000047  66| 83 F8 20		@@:     cmp     ax, ' '
 0000004B  75 04		        jne     BackUp
 0000004D  66| AD		        lodsw
 0000004F  EB F6		        jmp     @B
 00000051  48/ 83 EE 02		BackUp: sub     rsi, 2
 00000055			ArgsFound:
 00000055  48/ 89 74 24		        mov     qword ptr [rsp+48h], rsi ; save args UTF-16 pointer
	   48

				        ; convert to UTF-8 for RawText (fallback/audit)
 0000005A  48/ 8B CE		        mov     rcx, rsi
 0000005D  E8 00000000 E	        call    lstrlenW
 00000062  4C/ 8B C0		        mov     r8, rax             ; cchWideChar
 00000065  48/ C7 C1		        mov     rcx, 65001          ; CP_UTF8
	   0000FDE9
 0000006C  48/ 33 D2		        xor     rdx, rdx
 0000006F  4C/ 8B CE		        mov     r9, rsi             ; lpWideCharStr
 00000072  48/ 8D 05		        lea     rax, [RawText]
	   0000013E R
 00000079  48/ 89 44 24		        mov     qword ptr [rsp+20h], rax
	   20
 0000007E  48/ C7 44 24		        mov     qword ptr [rsp+28h], 524288
	   28 00080000
 00000087  48/ 33 C0		        xor     rax, rax
 0000008A  48/ 89 44 24		        mov     qword ptr [rsp+30h], rax
	   30
 0000008F  48/ 89 44 24		        mov     qword ptr [rsp+38h], rax
	   38
 00000094  E8 00000000 E	        call    WideCharToMultiByte
 00000099  48/ 89 05		        mov     FileSize, rax
	   00050194 R
				        
				        ; ---- try to open as file ----
 000000A0  48/ 8B 4C 24		        mov     rcx, qword ptr [rsp+48h]
	   48
 000000A5  BA 80000000		        mov     edx, 80000000h      ; GENERIC_READ
 000000AA  49/ C7 C0		        mov     r8, 1               ; FILE_SHARE_READ
	   00000001
 000000B1  4D/ 33 C9		        xor     r9, r9
 000000B4  48/ C7 44 24		        mov     qword ptr [rsp+20h], 3 ; OPEN_EXISTING
	   20 00000003
 000000BD  48/ C7 44 24		        mov     qword ptr [rsp+28h], 80h ; NORMAL
	   28 00000080
 000000C6  48/ C7 44 24		        mov     qword ptr [rsp+30h], 0
	   30 00000000
 000000CF  E8 00000000 E	        call    CreateFileW
 000000D4  48/ 8B D8		        mov     rbx, rax
 000000D7  48/ 83 F8 FF		        cmp     rax, -1
 000000DB  74 3B		        je      BuildJson

				        ; ---- file exists, read it ----
 000000DD  48/ 8B CB		        mov     rcx, rbx
 000000E0  33 D2		        xor     edx, edx
 000000E2  E8 00000000 E	        call    GetFileSize
 000000E7  48/ 89 05		        mov     FileSize, rax
	   00050194 R
				        
 000000EE  48/ 8B CB		        mov     rcx, rbx
 000000F1  48/ BA		        mov     rdx, offset RawText
	   000000000000013E R
 000000FB  4C/ 8B C0		        mov     r8, rax
 000000FE  4C/ 8D 0D		        lea     r9, [BytesRead]
	   0005019C R
 00000105  48/ C7 44 24		        mov     qword ptr [rsp+20h], 0
	   20 00000000
 0000010E  E8 00000000 E	        call    ReadFile
 00000113  E8 00000000 E	        call    CloseHandle

 00000118			BuildJson:
				        ; ---- assemble JSON ----
 00000118  48/ B9		        mov     rcx, offset LangDetect
	   00000000000000B5 R
 00000122  E8 00000175		        call    DetectLang

 00000127  48/ 8D 3D		        lea     rdi, [Payload]
	   0002015A R
 0000012E  48/ BE		        mov     rsi, offset JsonPrefix
	   0000000000000084 R
 00000138  E8 000001FE		        call    strcpy_no_null
 0000013D  48/ BE		        mov     rsi, offset LangDetect
	   00000000000000B5 R
 00000147  E8 000001EF		        call    strcpy_no_null
 0000014C  48/ BE		        mov     rsi, offset JsonMid
	   00000000000000F5 R
 00000156  E8 000001E0		        call    strcpy_no_null
				        
 0000015B  48/ BE		        mov     rsi, offset RawText
	   000000000000013E R
 00000165  48/ 8B 0D		        mov     rcx, FileSize
	   00050194 R
 0000016C  F3/ A4		        rep     movsb
				        
 0000016E  48/ BE		        mov     rsi, offset JsonSuffix
	   000000000002013E R
 00000178  E8 000001BE		        call    strcpy_no_null
				        
 0000017D  48/ 8D 05		        lea     rax, [Payload]
	   0002015A R
 00000184  48/ 8B CF		        mov     rcx, rdi
 00000187  48/ 2B C8		        sub     rcx, rax
 0000018A  48/ 89 0D		        mov     PayloadLen, rcx
	   0005015A R

				        ; ---- content-length ----
 00000191  48/ B9		        mov     rcx, offset ContentLenStr
	   000000000000006F R
 0000019B  48/ 8B 15		        mov     rdx, PayloadLen
	   0005015A R
 000001A2  E8 000001A4		        call    u64toa

				        ; ---- TCP connect ----
 000001A7  B9 00000002		        mov     ecx, 2
 000001AC  BA 00000001		        mov     edx, 1
 000001B1  41/ B8		        mov     r8d, 6
	   00000006
 000001B7  E8 00000000 E	        call    socket
 000001BC  48/ 8B D8		        mov     rbx, rax

 000001BF  66| C7 44 24		        mov     word ptr [rsp+20h], 2
	   20 0002
 000001C6  66| B8 2CAA		        mov     ax, OllamaPort
 000001CA  86 C4		        xchg    al, ah
 000001CC  66| 89 44 24		        mov     word ptr [rsp+22h], ax
	   22
 000001D1  48/ 8D 4C 24		        lea     rcx, [rsp+24h]
	   24
 000001D6  48/ BA		        mov     rdx, offset OllamaHost
	   0000000000000000 R
 000001E0  E8 00000000 E	        call    inet_pton
 000001E5  89 44 24 24		        mov     dword ptr [rsp+24h], eax

 000001E9  48/ 8D 54 24		        lea     rdx, [rsp+20h]
	   20
 000001EE  48/ 8B CB		        mov     rcx, rbx
 000001F1  41/ B8		        mov     r8d, 16
	   00000010
 000001F7  E8 00000000 E	        call    connect

				        ; ---- send request ----
 000001FC  48/ 8B CB		        mov     rcx, rbx
 000001FF  48/ BA		        mov     rdx, offset HttpHeader
	   000000000000000A R
 00000209  49/ B8		        mov     r8, offset ContentLenStr
	   000000000000006F R
 00000213  49/ 81 E8		        sub     r8, offset HttpHeader
RawrXD_cli.asm(188) : error A2084:constant value too large
 00000216  49/ 83 C0 10		        add     r8, 16 ; ContentLenStr
 0000021A  49/ 83 C0 04		        add     r8, 4  ; \r\n\r\n
 0000021E  4D/ 33 C9		        xor     r9, r9
 00000221  E8 00000000 E	        call    send

 00000226  48/ 8B CB		        mov     rcx, rbx
 00000229  48/ BA		        mov     rdx, offset Payload
	   000000000002015A R
 00000233  4C/ 8B 05		        mov     r8, PayloadLen
	   0005015A R
 0000023A  4D/ 33 C9		        xor     r9, r9
 0000023D  E8 00000000 E	        call    send

				        ; ---- stream results ----
 00000242			StreamLoop:
 00000242  48/ 8B CB		        mov     rcx, rbx
 00000245  48/ 8D 54 24		        lea     rdx, [rsp+50h]
	   50
 0000024A  41/ B8		        mov     r8d, 1024
	   00000400
 00000250  4D/ 33 C9		        xor     r9, r9
 00000253  E8 00000000 E	        call    recv
 00000258  48/ 85 C0		        test    rax, rax
 0000025B  7E 2E		        jle     Done
				        
 0000025D  4C/ 8B C0		        mov     r8, rax
 00000260  48/ C7 C1		        mov     rcx, -11
	   FFFFFFF5
 00000267  E8 00000000 E	        call    GetStdHandle
 0000026C  48/ 8B C8		        mov     rcx, rax
 0000026F  48/ 8D 54 24		        lea     rdx, [rsp+50h]
	   50
 00000274  4C/ 8D 0D		        lea     r9, [CharsWritten]
	   0005018C R
 0000027B  48/ C7 44 24		        mov     qword ptr [rsp+20h], 0
	   20 00000000
 00000284  E8 00000000 E	        call    WriteConsoleA
 00000289  EB B7		        jmp     StreamLoop

 0000028B			Done:
 0000028B  E8 00000000 E	        call    closesocket
 00000290  E8 00000000 E	        call    WSACleanup
 00000295  33 C9		        xor     ecx, ecx
 00000297  E8 00000000 E	        call    ExitProcess
 0000029C			main endp

 0000029C			DetectLang proc
 0000029C  56			        push    rsi
 0000029D  57			        push    rdi
 0000029E  48/ BF		        mov     rdi, offset RawText
	   000000000000013E R
 000002A8  48/ 8B 0D		        mov     rcx, FileSize
	   00050194 R
 000002AF  48/ 03 F9		        add     rdi, rcx
 000002B2  48/ FF CF		        dec     rdi
 000002B5  B0 2E		        mov     al, '.'
 000002B7  FD			        std
 000002B8  F2/ AE		        repne   scasb
 000002BA  FC			        cld
 000002BB  75 68		        jne     dl_raw
				        
 000002BD  48/ 8D 77 02		        lea     rsi, [rdi+2]
				        ; quick checks for ps1, js, py, cpp
 000002C1  8A 06		        mov     al, [rsi]
 000002C3  3C 70		        cmp     al, 'p'
 000002C5  74 0A		        je      dl_p_start
 000002C7  3C 6A		        cmp     al, 'j'
 000002C9  74 16		        je      dl_j_start
 000002CB  3C 63		        cmp     al, 'c'
 000002CD  74 1A		        je      dl_c_start
 000002CF  EB 54		        jmp     dl_raw
 000002D1			dl_p_start:
 000002D1  66| 8B 46 01		        mov     ax, [rsi+1]
 000002D5  66| 3D 3173		        cmp     ax, '1s'
 000002D9  74 1A		        je      dl_ps
 000002DB  3C 79		        cmp     al, 'y'
 000002DD  74 2E		        je      dl_py
 000002DF  EB 44		        jmp     dl_raw
 000002E1			dl_j_start:
 000002E1  80 7E 01 73		        cmp     byte ptr [rsi+1], 's'
 000002E5  74 1A		        je      dl_js
 000002E7  EB 3C		        jmp     dl_raw
 000002E9			dl_c_start:
 000002E9  66| 8B 46 01		        mov     ax, [rsi+1]
 000002ED  66| 3D 7070		        cmp     ax, 'pp'
 000002F1  74 26		        je      dl_cpp
 000002F3  EB 30		        jmp     dl_raw

 000002F5  48/ BE		dl_ps:  mov     rsi, offset lang_ps
	   0000000000050162 R
 000002FF  EB 2E		        jmp     dl_copy
 00000301  48/ BE		dl_js:  mov     rsi, offset lang_js
	   000000000005016D R
 0000030B  EB 22		        jmp     dl_copy
 0000030D  48/ BE		dl_py:  mov     rsi, offset lang_py
	   0000000000050178 R
 00000317  EB 16		        jmp     dl_copy
 00000319  48/ BE		dl_cpp: mov     rsi, offset lang_cpp
	   000000000005017F R
 00000323  EB 0A		        jmp     dl_copy
 00000325  48/ BE		dl_raw: mov     rsi, offset lang_raw
	   0000000000050185 R
 0000032F			dl_copy:
 0000032F  48/ 8B F9		        mov     rdi, rcx
 00000332  AC			@@:     lodsb
 00000333  AA			        stosb
 00000334  84 C0		        test    al, al
 00000336  75 FA		        jnz     @B
 00000338  5F			        pop     rdi
 00000339  5E			        pop     rsi
 0000033A  C3			        ret
 0000033B			DetectLang endp

 0000033B			strcpy_no_null proc
 0000033B			sn_loop:
 0000033B  AC			        lodsb
 0000033C  84 C0		        test    al, al
 0000033E  74 03		        jz      sn_done
 00000340  AA			        stosb
 00000341  EB F8		        jmp     sn_loop
 00000343			sn_done:
 00000343  C3			        ret
 00000344			strcpy_no_null endp

 00000344			strcpy proc
 00000344			sc_loop:
 00000344  AC			        lodsb
 00000345  AA			        stosb
 00000346  84 C0		        test    al, al
 00000348  75 FA		        jnz     sc_loop
 0000034A  C3			        ret
 0000034B			strcpy endp

 0000034B			u64toa  proc
 0000034B  53			        push    rbx
 0000034C  51			        push    rcx
 0000034D  52			        push    rdx
 0000034E  48/ 8B C2		        mov     rax, rdx
 00000351  48/ C7 C3		        mov     rbx, 10
	   0000000A
 00000358  4C/ 8B C1		        mov     r8, rcx
 0000035B  48/ 33 C9		        xor     rcx, rcx
 0000035E			u64_loop:
 0000035E  48/ 33 D2		        xor     rdx, rdx
 00000361  48/ F7 F3		        div     rbx
 00000364  80 C2 30		        add     dl, '0'
 00000367  52			        push    rdx
 00000368  48/ FF C1		        inc     rcx
 0000036B  48/ 85 C0		        test    rax, rax
 0000036E  75 EE		        jnz     u64_loop
				        
 00000370  49/ 8B F8		        mov     rdi, r8
 00000373			u64_store:
 00000373  58			        pop     rax
 00000374  AA			        stosb
 00000375  E2 FC		        loop    u64_store
 00000377  C6 07 00		        mov     byte ptr [rdi], 0
 0000037A  5A			        pop     rdx
 0000037B  59			        pop     rcx
 0000037C  5B			        pop     rbx
 0000037D  C3			        ret
 0000037E			u64toa  endp

				end
Microsoft (R) Macro Assembler (x64) Version 14.44.35221.0   01/28/26 11:48:07
RawrXD_cli.asm						     Symbols 2 - 1




Procedures, parameters, and locals:

                N a m e                 Type     Value    Attr

DetectLang . . . . . . . . . . .	P 	 0000029C _TEXT	Length= 0000009F Public
  dl_p_start . . . . . . . . . .	L 	 000002D1 _TEXT	
  dl_j_start . . . . . . . . . .	L 	 000002E1 _TEXT	
  dl_c_start . . . . . . . . . .	L 	 000002E9 _TEXT	
  dl_ps  . . . . . . . . . . . .	L 	 000002F5 _TEXT	
  dl_js  . . . . . . . . . . . .	L 	 00000301 _TEXT	
  dl_py  . . . . . . . . . . . .	L 	 0000030D _TEXT	
  dl_cpp . . . . . . . . . . . .	L 	 00000319 _TEXT	
  dl_raw . . . . . . . . . . . .	L 	 00000325 _TEXT	
  dl_copy  . . . . . . . . . . .	L 	 0000032F _TEXT	
main . . . . . . . . . . . . . .	P 	 00000000 _TEXT	Length= 0000029C Public
  SkipQuoted . . . . . . . . . .	L 	 00000036 _TEXT	
  SkipDoneQuoted . . . . . . . .	L 	 00000045 _TEXT	
  SkipSpaces . . . . . . . . . .	L 	 00000047 _TEXT	
  BackUp . . . . . . . . . . . .	L 	 00000051 _TEXT	
  ArgsFound  . . . . . . . . . .	L 	 00000055 _TEXT	
  BuildJson  . . . . . . . . . .	L 	 00000118 _TEXT	
  StreamLoop . . . . . . . . . .	L 	 00000242 _TEXT	
  Done . . . . . . . . . . . . .	L 	 0000028B _TEXT	
strcpy_no_null . . . . . . . . .	P 	 0000033B _TEXT	Length= 00000009 Public
  sn_loop  . . . . . . . . . . .	L 	 0000033B _TEXT	
  sn_done  . . . . . . . . . . .	L 	 00000343 _TEXT	
strcpy . . . . . . . . . . . . .	P 	 00000344 _TEXT	Length= 00000007 Public
  sc_loop  . . . . . . . . . . .	L 	 00000344 _TEXT	
u64toa . . . . . . . . . . . . .	P 	 0000034B _TEXT	Length= 00000033 Public
  u64_loop . . . . . . . . . . .	L 	 0000035E _TEXT	
  u64_store  . . . . . . . . . .	L 	 00000373 _TEXT	


Symbols:

                N a m e                 Type     Value    Attr

BytesRead  . . . . . . . . . . .	QWord	 0005019C _DATA	
CharsWritten . . . . . . . . . .	QWord	 0005018C _DATA	
CloseHandle  . . . . . . . . . .	L 	 00000000 External
ContentLenStr  . . . . . . . . .	Byte	 0000006F _DATA	
CreateFileW  . . . . . . . . . .	L 	 00000000 External
ExitProcess  . . . . . . . . . .	L 	 00000000 External
FileSize . . . . . . . . . . . .	QWord	 00050194 _DATA	
GetCommandLineW  . . . . . . . .	L 	 00000000 External
GetFileSize  . . . . . . . . . .	L 	 00000000 External
GetStdHandle . . . . . . . . . .	L 	 00000000 External
HttpHeader . . . . . . . . . . .	Byte	 0000000A _DATA	
JsonMid  . . . . . . . . . . . .	Byte	 000000F5 _DATA	
JsonPrefix . . . . . . . . . . .	Byte	 00000084 _DATA	
JsonSuffix . . . . . . . . . . .	Byte	 0002013E _DATA	
LangDetect . . . . . . . . . . .	Byte	 000000B5 _DATA	
OllamaHost . . . . . . . . . . .	Byte	 00000000 _DATA	
OllamaPort . . . . . . . . . . .	Number	 00002CAAh   
PayloadEnd . . . . . . . . . . .	Byte	 00050162 _DATA	
PayloadLen . . . . . . . . . . .	QWord	 0005015A _DATA	
Payload  . . . . . . . . . . . .	Byte	 0002015A _DATA	
RawText  . . . . . . . . . . . .	Byte	 0000013E _DATA	
ReadFile . . . . . . . . . . . .	L 	 00000000 External
VirtualAlloc . . . . . . . . . .	L 	 00000000 External
VirtualFree  . . . . . . . . . .	L 	 00000000 External
WSACleanup . . . . . . . . . . .	L 	 00000000 External
WSAStartup . . . . . . . . . . .	L 	 00000000 External
WideCharToMultiByte  . . . . . .	L 	 00000000 External
WriteConsoleA  . . . . . . . . .	L 	 00000000 External
closesocket  . . . . . . . . . .	L 	 00000000 External
connect  . . . . . . . . . . . .	L 	 00000000 External
htons  . . . . . . . . . . . . .	L 	 00000000 External
inet_pton  . . . . . . . . . . .	L 	 00000000 External
lang_cpp . . . . . . . . . . . .	Byte	 0005017F _DATA	
lang_js  . . . . . . . . . . . .	Byte	 0005016D _DATA	
lang_ps  . . . . . . . . . . . .	Byte	 00050162 _DATA	
lang_py  . . . . . . . . . . . .	Byte	 00050178 _DATA	
lang_raw . . . . . . . . . . . .	Byte	 00050185 _DATA	
lstrlenW . . . . . . . . . . . .	L 	 00000000 External
recv . . . . . . . . . . . . . .	L 	 00000000 External
send . . . . . . . . . . . . . .	L 	 00000000 External
socket . . . . . . . . . . . . .	L 	 00000000 External

	   0 Warnings
	   1 Errors
